// Jest Snapshot v1, https://goo.gl/fbAQLP

<<<<<<< HEAD
exports[`App component renders correctly 1`] = `
=======
exports[`App renders correctly 1`] = `
>>>>>>> feat/week-3
<div
  className="wrapper"
>
  <div>
    <header
      className="header"
      data-testid="header"
<<<<<<< HEAD
=======
      id="header"
>>>>>>> feat/week-3
    >
      <div
        className="header__logo"
      >
        <img
          alt="logo"
          className="logo-item"
          src="logo.svg"
        />
      </div>
      <nav
        className="header__menu"
      >
        <ul>
          <li>
<<<<<<< HEAD
            <button
              className="header__menu-item"
              onClick={[Function]}
            >
              Карта
            </button>
          </li>
          <li>
            <button
              className="header__menu-item"
              onClick={[Function]}
            >
              Профиль
            </button>
          </li>
          <li>
            <button
              className="header__menu-item"
              onClick={[Function]}
            >
              Выйти
            </button>
=======
            <a
              className="header__menu-item"
              href="/map"
              onClick={[Function]}
            >
              Карта
            </a>
          </li>
          <li>
            <a
              className="header__menu-item"
              href="/profile"
              onClick={[Function]}
            >
              Профиль
            </a>
          </li>
          <li>
            <a
              className="header__menu-item"
              href="/"
              onClick={[Function]}
            >
              Выйти
            </a>
>>>>>>> feat/week-3
          </li>
        </ul>
      </nav>
    </header>
  </div>
  <main>
    <section>
<<<<<<< HEAD
      <div>
        <div
          className="block"
        >
          <div
            className="block__text"
          >
            <div
              className="block__text-header"
            >
              Заполните платежные данные
            </div>
            <div
              className="block__text-content"
            >
              Укажите информацию о банковской карте, чтобы сделать заказ.
            </div>
            <button
              className="button"
              onClick={[Function]}
            >
              Перейти в профиль
            </button>
          </div>
        </div>
        <div
          className="map-wrapper"
        >
          <div
            className="map"
            data-testid="map"
          />
        </div>
      </div>
=======
      <p>
        You are logged in. 
        <a
          href="/profile"
          onClick={[Function]}
        >
          Go to profile
        </a>
      </p>
>>>>>>> feat/week-3
    </section>
  </main>
</div>
`;
